Last login: Thu Oct 22 20:18:14 on ttys000
Michelles-MacBook-Pro:~ Munk13$ ssh sandbox.dev
Welcome to Ubuntu 14.04.3 LTS (GNU/Linux 3.19.0-25-generic x86_64)

 * Documentation:  https://help.ubuntu.com/
You have mail.
Last login: Thu Oct 22 20:17:45 2015
michelle@sandbox:~$ crontab -e
no crontab for michelle - using an empty one

Select an editor.  To change later, run 'select-editor'.
  1. /bin/nano        <---- easiest
  2. /usr/bin/vim.tiny

Choose 1-2 [1]: 1
crontab: installing new crontab
michelle@sandbox:~$ pwd
/home/michelle
michelle@sandbox:~$ nano cron.sh
michelle@sandbox:~$ nano cron.sh
michelle@sandbox:~$ 00 01 * * * michelle /home/michelle/cron-assignment/cron.sh
-bash: 00: command not found
michelle@sandbox:~$ crontab -e
No modification made
michelle@sandbox:~$ whereis sh
sh: /bin/sh.distrib /bin/sh /usr/share/man/man1/sh.1.gz
michelle@sandbox:~$ whereis cron.sh
cron: /usr/sbin/cron /etc/cron.hourly /etc/cron.daily /etc/cron.monthly /etc/cron.weekly /etc/cron.d /usr/share/man/man8/cron.8.gz
michelle@sandbox:~$ nano ips.sh
michelle@sandbox:~$ pwd
/home/michelle
michelle@sandbox:~$ cd cron-assignment
-bash: cd: cron-assignment: No such file or directory
michelle@sandbox:~$ /sandbox
-bash: /sandbox: No such file or directory
michelle@sandbox:~$ cd sandbox
-bash: cd: sandbox: No such file or directory
michelle@sandbox:~$ cd /sandbox
-bash: cd: /sandbox: No such file or directory
michelle@sandbox:~$ whereis sandbox
sandbox:
michelle@sandbox:~$ cd Sandbox_NSS
-bash: cd: Sandbox_NSS: No such file or directory
michelle@sandbox:~$ -ls
-bash: -ls: command not found
michelle@sandbox:~$ -l
-bash: -l: command not found
michelle@sandbox:~$ /home/michelle -ls
-bash: /home/michelle: Is a directory
michelle@sandbox:~$ ls
cron.sh  ro
michelle@sandbox:~$ cd ..
michelle@sandbox:/home$ -ls
-bash: -ls: command not found
michelle@sandbox:/home$ /home -ls
-bash: /home: Is a directory
michelle@sandbox:/home$ ls
michelle
michelle@sandbox:/home$ cd michelle
michelle@sandbox:~$ nano cron.sh
michelle@sandbox:~$ nano cron.sh
michelle@sandbox:~$ sudo usermod -a -G vboxsf michelle
[sudo] password for michelle: 
michelle@sandbox:~$ ls
cron.sh  ro
michelle@sandbox:~$ /media
-bash: /media: Is a directory
michelle@sandbox:~$ cd /media
michelle@sandbox:/media$ ls
cdrom  sf_sandbox
michelle@sandbox:/media$ cd sf_sandbox
michelle@sandbox:/media/sf_sandbox$ ls
cron-assignment  errors.php
michelle@sandbox:/media/sf_sandbox$ cd /home/michelle
michelle@sandbox:~$ nano cron.sh
michelle@sandbox:~$ crontab -e
crontab: installing new crontab
michelle@sandbox:~$ * * * * * /usr/sh/home/michelle/cron.sh
-bash: cron.sh: command not found
michelle@sandbox:~$ whereis cron.sh
cron: /usr/sbin/cron /etc/cron.hourly /etc/cron.daily /etc/cron.monthly /etc/cron.weekly /etc/cron.d /usr/share/man/man8/cron.8.gz
michelle@sandbox:~$ * * * * * /usr/sbin/cron
-bash: cron.sh: command not found
michelle@sandbox:~$ * * * * * /usr/home/michelle/cron
-bash: cron.sh: command not found
michelle@sandbox:~$ whereis cron.sh
cron: /usr/sbin/cron /etc/cron.hourly /etc/cron.daily /etc/cron.monthly /etc/cron.weekly /etc/cron.d /usr/share/man/man8/cron.8.gz
michelle@sandbox:~$ pwd
/home/michelle
michelle@sandbox:~$ ls
cron.sh  ro
michelle@sandbox:~$ * * * * * /home/michelle/cron.sh
-bash: cron.sh: command not found
michelle@sandbox:~$ cron.sh
-bash: cron.sh: command not found
michelle@sandbox:~$ * * * * * /michelle/cron.sh
-bash: cron.sh: command not found
michelle@sandbox:~$ whereis michelle
michelle:
michelle@sandbox:~$ * * * * * cron.sh
-bash: cron.sh: command not found
michelle@sandbox:~$ cron.sh
-bash: cron.sh: command not found
michelle@sandbox:~$ nano cron.sh
michelle@sandbox:~$ 0 0 0 0 20 /home/michelle/cron.sh
-bash: 0: command not found
michelle@sandbox:~$ nano test.sh
michelle@sandbox:~$ 0 0 0 0 20 /home/michelle/test.sh
-bash: 0: command not found
michelle@sandbox:~$ nano test.sh
michelle@sandbox:~$ 0 0 0 0 20 /home/michelle/test.sh
-bash: 0: command not found
michelle@sandbox:~$ whereis test.sh
test: /usr/bin/test /usr/share/man/man1/test.1.gz
michelle@sandbox:~$ 0 0 0 0 20 /usr/bin/test
-bash: 0: command not found
michelle@sandbox:~$ 0 0 0 0 20 /michelle/bin/test
-bash: 0: command not found
michelle@sandbox:~$ nano test.sh
michelle@sandbox:~$ bash test.sh
michelle@sandbox:~$ chmod +x test.sh
michelle@sandbox:~$ ./test.sh
michelle@sandbox:~$ ls
archive.txt  cron.sh  ro  test.sh
michelle@sandbox:~$ rm archive.txt
michelle@sandbox:~$ ls
cron.sh  ro  test.sh
michelle@sandbox:~$ 0 0 0 0 20 sh /home/michelle/test.sh
-bash: 0: command not found
michelle@sandbox:~$ crontab -e
crontab: installing new crontab
michelle@sandbox:~$ 0 0 0 0 20 PATH=/home/michelle/test.sh
-bash: 0: command not found
michelle@sandbox:~$ chmod +x home/michelle/test.sh
chmod: cannot access ‘home/michelle/test.sh’: No such file or directory
michelle@sandbox:~$ ls
cron.sh  ro  test.sh
michelle@sandbox:~$ chmod +x PATH+/home/michelle/test.sh
chmod: cannot access ‘PATH+/home/michelle/test.sh’: No such file or directory
michelle@sandbox:~$ chmod +x test.sh
michelle@sandbox:~$ ls
cron.sh  ro  test.sh
michelle@sandbox:~$ nanno test.sh
-bash: nanno: command not found
michelle@sandbox:~$ nano test.sh
michelle@sandbox:~$ 0 0 0 0 20 test.sh
-bash: 0: command not found
michelle@sandbox:~$ 0 0 0 0 20 /test.sh
-bash: 0: command not found
michelle@sandbox:~$ 0 0 0 0 20 /bin/bash /home/michelle/test.sh
-bash: 0: command not found
michelle@sandbox:~$ nano test.sh
michelle@sandbox:~$ 0 0 0 0 20 /bin/bash /home/michelle/test.sh
-bash: 0: command not found
michelle@sandbox:~$ crontab -e
crontab: installing new crontab
"/tmp/crontab.kof3zI/crontab":23: bad day-of-month
errors in crontab file, can't install.
Do you want to retry the same edit? (y/n) n
crontab: edits left in /tmp/crontab.kof3zI/crontab
michelle@sandbox:~$ crontab -e
crontab: installing new crontab
"/tmp/crontab.NldRtO/crontab":23: bad day-of-month
errors in crontab file, can't install.
Do you want to retry the same edit? (y/n) n 
crontab: edits left in /tmp/crontab.NldRtO/crontab
michelle@sandbox:~$ crontab -e
crontab: installing new crontab
michelle@sandbox:~$ 1 * * * * /home/michelle/test.sh
-bash: 1: command not found
michelle@sandbox:~$ whereis test.sh
test: /usr/bin/test /usr/share/man/man1/test.1.gz
michelle@sandbox:~$ 1 * * * * /usr/bin/test
-bash: 1: command not found
michelle@sandbox:~$ 1 * * * * /usr/bin/michelle/test
-bash: 1: command not found
michelle@sandbox:~$ 1 * * * * PATH=/home/michelle/bin/test
-bash: 1: command not found
michelle@sandbox:~$ 1 * * * * PATH=/usr/bin/test
-bash: 1: command not found
michelle@sandbox:~$ /home/michelle/bin
-bash: /home/michelle/bin: No such file or directory
michelle@sandbox:~$ bin
-bash: bin: command not found
michelle@sandbox:~$ /bin
-bash: /bin: Is a directory
michelle@sandbox:~$ ls
cron.sh  ro  test.sh
michelle@sandbox:~$ 1 * * * * /bin/test.sh
-bash: 1: command not found
michelle@sandbox:~$ 1 * * * * /bin/test
-bash: 1: command not found
michelle@sandbox:~$ chmod +x /bin/test
chmod: cannot access ‘/bin/test’: No such file or directory
michelle@sandbox:~$ whereis test.sh
test: /usr/bin/test /usr/share/man/man1/test.1.gz
michelle@sandbox:~$ chomd +x /usr/bin/test
-bash: chomd: command not found
michelle@sandbox:~$ nano test.sh
michelle@sandbox:~$ chmod +x /usr/bin/test
chmod: changing permissions of ‘/usr/bin/test’: Operation not permitted
michelle@sandbox:~$ sudo chmod +x /usr/bin/test
[sudo] password for michelle: 
michelle@sandbox:~$ ls
cron.sh  ro  test.sh
michelle@sandbox:~$ cd /usr
michelle@sandbox:/usr$ ls
bin  games  include  lib  local  sbin  share  src
michelle@sandbox:/usr$ cd ..
michelle@sandbox:/$ 1 0 0 0 0 /usr/bin/test
-bash: 1: command not found
michelle@sandbox:/$ 1 0 0 0 0 /usr/bin/test.sh
-bash: 1: command not found
michelle@sandbox:/$ 1 0 0 0 0 sudo chmod +x /usr/bin/test
-bash: 1: command not found
michelle@sandbox:/$ sudo chmod +x /home/michelle/test
chmod: cannot access ‘/home/michelle/test’: No such file or directory
michelle@sandbox:/$ sudo chmod +x test.sh
chmod: cannot access ‘test.sh’: No such file or directory
michelle@sandbox:/$ test.sh
-bash: test.sh: command not found
michelle@sandbox:/$ chmod +x test.sh
chmod: cannot access ‘test.sh’: No such file or directory
michelle@sandbox:/$ whereis test.sh
test: /usr/bin/test /usr/share/man/man1/test.1.gz
michelle@sandbox:/$ ls
bin   dev  home        lib    lost+found  mnt  proc  run   srv  tmp  var
boot  etc  initrd.img  lib64  media       opt  root  sbin  sys  usr  vmlinuz
michelle@sandbox:/$ pwd
/
michelle@sandbox:/$ ..
-bash: ..: command not found
michelle@sandbox:/$ cd ..
michelle@sandbox:/$ ls
bin   dev  home        lib    lost+found  mnt  proc  run   srv  tmp  var
boot  etc  initrd.img  lib64  media       opt  root  sbin  sys  usr  vmlinuz
michelle@sandbox:/$ cd ../
michelle@sandbox:/$ pwd
/
michelle@sandbox:/$ cd -
/
michelle@sandbox:/$ ccd -
-bash: ccd: command not found
michelle@sandbox:/$ cd -
/
michelle@sandbox:/$ pwd
/
michelle@sandbox:/$ cd home
michelle@sandbox:/home$ ls
michelle
michelle@sandbox:/home$ cd michelle
michelle@sandbox:~$ 1 0 0 0 0 sudo chmod +x /usr/bin/test
-bash: 1: command not found
michelle@sandbox:~$ 
michelle@sandbox:~$ ls
cron.sh  ro  test.sh
michelle@sandbox:~$ chmod +x test.sh
michelle@sandbox:~$ ls
cron.sh  ro  test.sh
michelle@sandbox:~$ nano test.sh
michelle@sandbox:~$ 1 0 0 0 0 ./test.sh
-bash: 1: command not found
michelle@sandbox:~$ ls
cron.sh  ro  test.sh
michelle@sandbox:~$ 1 0 0 0 0 /usr/bin ./test.sh
-bash: 1: command not found
michelle@sandbox:~$ 01 0 0 0 0 /usr/bin/test
-bash: 01: command not found
michelle@sandbox:~$ whereis test
test: /usr/bin/test /usr/share/man/man1/test.1.gz
michelle@sandbox:~$ 01 * * * * /usr/bin/test
-bash: 01: command not found
michelle@sandbox:~$ cd usr/
-bash: cd: usr/: No such file or directory
michelle@sandbox:~$ cd usr
-bash: cd: usr: No such file or directory
michelle@sandbox:~$ cd bin
-bash: cd: bin: No such file or directory
michelle@sandbox:~$ ls
cron.sh  ro  test.sh
michelle@sandbox:~$ 01 * * * * test.sh
-bash: 01: command not found
michelle@sandbox:~$ env EDITOR=nano crontab -e
crontab: installing new crontab
michelle@sandbox:~$ ls
cron.sh  ro  test.sh
michelle@sandbox:~$ crontab -l
# Edit this file to introduce tasks to be run by cron.
# 
# Each task to run has to be defined through a single line
# indicating with different fields when the task will be run
# and what command to run for the task
# 
# To define the time you can provide concrete values for
# minute (m), hour (h), day of month (dom), month (mon),
# and day of week (dow) or use '*' in these fields (for 'any').# 
# Notice that tasks will be started based on the cron's system
# daemon's notion of time and timezones.
# 
# Output of the crontab jobs (including errors) is sent through
# email to the user the crontab file belongs to (unless redirected).
# 
# For example, you can run a backup of all your user accounts
# at 5 a.m every week with:
# 0 5 * * 1 tar -zcf /var/backups/home.tgz /home/
# 
# For more information see the manual pages of crontab(5) and cron(8)
# 
# m h  dom mon dow   command

01 * * * * test.sh
michelle@sandbox:~$ ls
cron.sh  ro  test.sh
michelle@sandbox:~$ s
-bash: s: command not found
michelle@sandbox:~$ ls
cron.sh  ro  test.sh
michelle@sandbox:~$ ls
cron.sh  ro  test.sh
michelle@sandbox:~$ ./test.sh
michelle@sandbox:~$ ls
archive.txt  cron.sh  ro  test.sh
michelle@sandbox:~$ rm archive.txt
michelle@sandbox:~$ ls
cron.sh  ro  test.sh
michelle@sandbox:~$ ls
cron.sh  ro  test.sh
michelle@sandbox:~$ ls
cron.sh  ro  test.sh
michelle@sandbox:~$ ls
cron.sh  ro  test.sh
michelle@sandbox:~$ crontab -e
crontab: installing new crontab
michelle@sandbox:~$ crontab -l
# Edit this file to introduce tasks to be run by cron.
# 
# Each task to run has to be defined through a single line
# indicating with different fields when the task will be run
# and what command to run for the task
# 
# To define the time you can provide concrete values for
# minute (m), hour (h), day of month (dom), month (mon),
# and day of week (dow) or use '*' in these fields (for 'any').# 
# Notice that tasks will be started based on the cron's system
# daemon's notion of time and timezones.
# 
# Output of the crontab jobs (including errors) is sent through
# email to the user the crontab file belongs to (unless redirected).
# 
# For example, you can run a backup of all your user accounts
# at 5 a.m every week with:
# 0 5 * * 1 tar -zcf /var/backups/home.tgz /home/
# 
# For more information see the manual pages of crontab(5) and cron(8)
# 
# m h  dom mon dow   command

01 * * * * /usr/bin/test
michelle@sandbox:~$ ls
cron.sh  ro  test.sh
michelle@sandbox:~$ ls
cron.sh  ro  test.sh
michelle@sandbox:~$ ls
cron.sh  ro  test.sh
michelle@sandbox:~$ /bin/bash ./test.sh
michelle@sandbox:~$ ls
archive.txt  cron.sh  ro  test.sh
michelle@sandbox:~$ rm archive.txt
michelle@sandbox:~$ ls
cron.sh  ro  test.sh
michelle@sandbox:~$ ls
cron.sh  ro  test.sh
michelle@sandbox:~$ crontab -e
crontab: installing new crontab
michelle@sandbox:~$ ls
cron.sh  ro  test.sh
michelle@sandbox:~$ ls
cron.sh  ro  test.sh
michelle@sandbox:~$ ls
cron.sh  ro  test.sh
michelle@sandbox:~$ crontab -e
crontab: installing new crontab
michelle@sandbox:~$ ls
cron.sh  ro  test.sh
michelle@sandbox:~$ ls
cron.sh  ro  test.sh
michelle@sandbox:~$ ls
cron.sh  ro  test.sh
michelle@sandbox:~$ ls
cron.sh  ro  test.sh
michelle@sandbox:~$ ls
cron.sh  ro  test.sh
michelle@sandbox:~$ ls
cron.sh  ro  test.sh
michelle@sandbox:~$ crontab -e
crontab: installing new crontab
michelle@sandbox:~$ ls
cron.sh  ro  test.sh
michelle@sandbox:~$ crontab -e
crontab: installing new crontab
michelle@sandbox:~$ ls
cron.sh  ro  test.sh
michelle@sandbox:~$ /bin/bash /home/michelle/test.sh
michelle@sandbox:~$ ls
archive.txt  cron.sh  ro  test.sh
michelle@sandbox:~$ rm archive.txt
michelle@sandbox:~$ ls
cron.sh  ro  test.sh
michelle@sandbox:~$ ls
cron.sh  ro  test.sh
michelle@sandbox:~$ crontab -e
crontab: installing new crontab
michelle@sandbox:~$ ls
cron.sh  ro  test.sh
michelle@sandbox:~$ nano test.sh
michelle@sandbox:~$ ls
cron.sh  ro  test.sh
michelle@sandbox:~$ ls
cron.sh  ro  test.sh
michelle@sandbox:~$ /bin/bash /home/michelle/cron.sh
/home/michelle/cron.sh: line 12: cd: $: No such file or directory
/home/michelle/cron.sh: line 14: mput: command not found
/bin/chmod: /bin/chmod: cannot execute binary file
michelle@sandbox:~$ ls
archive  old_cron.sh  old_ro  old_test.sh
michelle@sandbox:~$ nano.cron
-bash: nano.cron: command not found
michelle@sandbox:~$ nano cron
michelle@sandbox:~$ nano old_cron.sh
michelle@sandbox:~$ rm archive
rm: cannot remove ‘archive’: Is a directory
michelle@sandbox:~$ sudo rm archive
[sudo] password for michelle: 
rm: cannot remove ‘archive’: Is a directory
michelle@sandbox:~$ rmdir archive
michelle@sandbox:~$ rm old_cron.sh
michelle@sandbox:~$ mv old_ro ro
michelle@sandbox:~$ ls
old_test.sh  ro
michelle@sandbox:~$ mv old_test.sh test.sh
michelle@sandbox:~$ ls
ro  test.sh
michelle@sandbox:~$ /bin/bash /home/michelle/test.sh
michelle@sandbox:~$ nano cron.sh
You have new mail in /var/mail/michelle
michelle@sandbox:~$ ls
archive.txt  cron.sh  ro  test.sh
michelle@sandbox:~$ rm archive.txt
michelle@sandbox:~$ ls
cron.sh  ro  test.sh
michelle@sandbox:~$ crontab -e
crontab: installing new crontab
michelle@sandbox:~$ /bin/bash /home/michelle/cron.sh
/home/michelle/cron.sh: line 11: cd: $: No such file or directory
michelle@sandbox:~$ nano cron.sh
michelle@sandbox:~$ nano cron.sh
michelle@sandbox:~$ /bin/bash /home/michelle/cron.sh
/home/michelle/cron.sh: line 11: cd: $: No such file or directory
michelle@sandbox:~$ nano cron.sh
michelle@sandbox:~$ chmod x+ cron.sh
chmod: invalid mode: ‘x+’
Try 'chmod --help' for more information.
michelle@sandbox:~$ chmod +x cron.sh
michelle@sandbox:~$ test
michelle@sandbox:~$ ls
archive  cron.sh  ro  test.sh
michelle@sandbox:~$ rmdir archive
You have new mail in /var/mail/michelle
michelle@sandbox:~$ ls
cron.sh  ro  test.sh
michelle@sandbox:~$ ls
cron.sh  ro  test.sh
michelle@sandbox:~$ ls
cron.sh  ro  test.sh
michelle@sandbox:~$ ls
cron.sh  ro  test.sh
michelle@sandbox:~$ crontab -e
crontab: installing new crontab
michelle@sandbox:~$ ls
cron.sh  ro  test.sh
michelle@sandbox:~$ cd var
-bash: cd: var: No such file or directory
michelle@sandbox:~$ whereis var
var:
michelle@sandbox:~$ cd /var
michelle@sandbox:/var$ cd /mail
-bash: cd: /mail: No such file or directory
michelle@sandbox:/var$ cd mail
michelle@sandbox:/var/mail$ ls
michelle
michelle@sandbox:/var/mail$ cd /michelle
-bash: cd: /michelle: No such file or directory
michelle@sandbox:/var/mail$ cd michelle
-bash: cd: michelle: Not a directory
michelle@sandbox:/var/mail$ ls
michelle
michelle@sandbox:/var/mail$ cd michelle
-bash: cd: michelle: Not a directory
michelle@sandbox:/var/mail$ la
michelle
michelle@sandbox:/var/mail$ cd -
/var
You have new mail in /var/mail/michelle
michelle@sandbox:/var$ cd -
/var/mail
michelle@sandbox:/var/mail$ cd -
/var
michelle@sandbox:/var$ cd -
/var/mail
michelle@sandbox:/var/mail$ cd ..
michelle@sandbox:/var$ cd ..
michelle@sandbox:/$ pwd
/
michelle@sandbox:/$ cd home
michelle@sandbox:/home$ cd michelle
michelle@sandbox:~$ ls
cron.sh  ro  test.sh
michelle@sandbox:~$ crontab -e
crontab: installing new crontab
michelle@sandbox:~$ nano cron.sh
You have new mail in /var/mail/michelle
michelle@sandbox:~$ ls
cron.sh  ro  test.sh
michelle@sandbox:~$ pine
-bash: pine: command not found
michelle@sandbox:~$ ls
cron.sh  ro  test.sh
michelle@sandbox:~$ /bin/bash /home/michelle/test.sh
michelle@sandbox:~$ ls
archive.txt  cron.sh  ro  test.sh
michelle@sandbox:~$ /bin/bash /home/michelle/cron.sh
cp: cannot stat ‘/home/michelle/media/sf_sandbox/cron-assignment/*’: No such file or directory
Can't rename * old_*: No such file or directory
/bin/bash: /home/michelle/media/sf_sandbox/cron-assignments/ips.sh: No such file or directory
michelle@sandbox:~$ ls
archive  archive.txt  cron.sh  ro  test.sh
michelle@sandbox:~$ cd archive
michelle@sandbox:~/archive$ ls
michelle@sandbox:~/archive$ cd -
/home/michelle
michelle@sandbox:~$ nano cron.sh
michelle@sandbox:~$ ls
archive  archive.txt  cron.sh  ro  test.sh
michelle@sandbox:~$ rmdir archive
michelle@sandbox:~$ ls
archive.txt  cron.sh  ro  test.sh
michelle@sandbox:~$ /bin/bash /home/michelle/cron.sh
cp: cannot stat ‘/home/michelle/media/sf_sandbox/cron-assignment/*’: No such file or directory
Can't rename * old_*: No such file or directory
/bin/bash: /home/michelle/media/sf_sandbox/cron-assignment/ips.sh: No such file or directory
michelle@sandbox:~$ nano cron.sh
michelle@sandbox:~$ cd media
-bash: cd: media: No such file or directory
michelle@sandbox:~$ cd /media
michelle@sandbox:/media$ cd /sf_sandbox
-bash: cd: /sf_sandbox: No such file or directory
michelle@sandbox:/media$ cd sf_sandbox
michelle@sandbox:/media/sf_sandbox$ ls
cron-assignment  errors.php
michelle@sandbox:/media/sf_sandbox$ cd /cron-assignment
-bash: cd: /cron-assignment: No such file or directory
michelle@sandbox:/media/sf_sandbox$ cd cron-assignment
michelle@sandbox:/media/sf_sandbox/cron-assignment$ ls
ipaddresses.json  ipAdd.txt  ips.sh
michelle@sandbox:/media/sf_sandbox/cron-assignment$ cd ..
michelle@sandbox:/media/sf_sandbox$ pwd
/media/sf_sandbox
michelle@sandbox:/media/sf_sandbox$ cd ..
michelle@sandbox:/media$ cd ..
michelle@sandbox:/$ pwd
/
michelle@sandbox:/$ cd hom
-bash: cd: hom: No such file or directory
michelle@sandbox:/$ cd home
michelle@sandbox:/home$ cd michelle
michelle@sandbox:~$ nano cron.sh
michelle@sandbox:~$ nano cron.sh
michelle@sandbox:~$ chmod x+ cron.sh
chmod: invalid mode: ‘x+’
Try 'chmod --help' for more information.
michelle@sandbox:~$ chmod +x cron.sh
michelle@sandbox:~$ ./cron.sh
./cron.sh: line 11: mkdir: command not found
./cron.sh: line 12: cd: /archive: No such file or directory
./cron.sh: line 14: cp: command not found
./cron.sh: line 16: rename: command not found
/bin/bash: /home/michelle/media/sf_sandbox/cron-assignment/ips.sh: No such file or directory
michelle@sandbox:~$ nano cron.sh
michelle@sandbox:~$ ./cron.sh
./cron.sh: line 11: mkdir: command not found
./cron.sh: line 13: cp: command not found
./cron.sh: line 15: cd: /archive: No such file or directory
./cron.sh: line 17: rename: command not found
/bin/bash: /home/michelle/media/sf_sandbox/cron-assignment/ips.sh: No such file or directory
michelle@sandbox:~$ nano cron.hs
michelle@sandbox:~$ ls
archive  archive.txt  cron.sh  ro  test.sh
michelle@sandbox:~$ rmkir archive
-bash: rmkir: command not found
michelle@sandbox:~$ rmdir archive
michelle@sandbox:~$ ls
archive.txt  cron.sh  ro  test.sh
michelle@sandbox:~$ ./cron.sh
./cron.sh: line 11: mkdir: command not found
./cron.sh: line 13: cp: command not found
./cron.sh: line 15: cd: /archive: No such file or directory
./cron.sh: line 17: rename: command not found
/bin/bash: /home/michelle/media/sf_sandbox/cron-assignment/ips.sh: No such file or directory
michelle@sandbox:~$ ls
archive.txt  cron.sh  ro  test.sh
michelle@sandbox:~$ nano cron.sh
michelle@sandbox:~$ ./cron.sh
./cron.sh: line 11: mkdir: command not found
./cron.sh: line 13: cp: command not found
./cron.sh: line 15: cd: /archive: No such file or directory
./cron.sh: line 17: rename: command not found
/bin/bash: /home/michelle/media/sf_sandbox/cron-assignment/ips.sh: No such file or directory
michelle@sandbox:~$ echo $FILES

michelle@sandbox:~$ nano cron.sh
michelle@sandbox:~$ ./cron.sh
/home/michelle
./cron.sh: line 13: mkdir: command not found
./cron.sh: line 15: cp: command not found
./cron.sh: line 17: cd: /archive: No such file or directory
./cron.sh: line 19: rename: command not found
/bin/bash: /home/michelle/media/sf_sandbox/cron-assignment/ips.sh: No such file or directory
michelle@sandbox:~$ nano cron.sh
michelle@sandbox:~$ ./cron.sh
/home/michelle
/media/sf_sandbox/cron-assignment
./cron.sh: line 15: mkdir: command not found
./cron.sh: line 17: cp: command not found
./cron.sh: line 19: cd: /archive: No such file or directory
./cron.sh: line 21: rename: command not found
/bin/bash: /home/michelle/media/sf_sandbox/cron-assignment/ips.sh: No such file or directory
michelle@sandbox:~$ nano cron.sh
michelle@sandbox:~$ ./cron.sh
/home/michelle
/media/sf_sandbox/cron-assignment
./cron.sh: line 14: ech: command not found
./cron.sh: line 17: mkdir: command not found
./cron.sh: line 19: cp: command not found
./cron.sh: line 21: cd: /archive: No such file or directory
./cron.sh: line 23: rename: command not found
/bin/bash: /home/michelle/media/sf_sandbox/cron-assignment/ips.sh: No such file or directory
michelle@sandbox:~$ nano cron.hs
michelle@sandbox:~$ nano cron.sh
michelle@sandbox:~$ ./cron.sh
/home/michelle
/media/sf_sandbox/cron-assignment
/archive
./cron.sh: line 17: mkdir: command not found
./cron.sh: line 19: cp: command not found
./cron.sh: line 21: cd: /archive: No such file or directory
./cron.sh: line 23: rename: command not found
/bin/bash: /home/michelle/media/sf_sandbox/cron-assignment/ips.sh: No such file or directory
michelle@sandbox:~$ nano cron.sh
michelle@sandbox:~$ ./cron.sh
/home/michelle
/home/michelle/media/sf_sandbox/cron-assignment
/archive
./cron.sh: line 17: mkdir: command not found
./cron.sh: line 19: cp: command not found
./cron.sh: line 21: cd: /archive: No such file or directory
./cron.sh: line 23: rename: command not found
/bin/bash: /home/michelle/media/sf_sandbox/cron-assignment/ips.sh: No such file or directory
michelle@sandbox:~$ nano cron.sh
michelle@sandbox:~$ ./cron.sh
/home/michelle
/home/michelle/media/sf_sandbox/cron-assignment
/home/michelle/archive
./cron.sh: line 17: mkdir: command not found
./cron.sh: line 19: cp: command not found
./cron.sh: line 21: cd: /home/michelle/archive: No such file or directory
./cron.sh: line 23: rename: command not found
/bin/bash: /home/michelle/media/sf_sandbox/cron-assignment/ips.sh: No such file or directory
michelle@sandbox:~$ nano cron.sh
michelle@sandbox:~$ 
